
Memory Configuration

Name             Origin             Length             Attributes
FLASH            0x00000000         0x20000000         xr
SRAM             0x20000000         0x20000000         xrw
flash            0x00000000         0xffffffff
*default*        0x00000000         0xffffffff

Linker script and memory map


.text           0x00000000      0x124
 *(.vectors*)
 *(.text*)
 .text          0x00000000       0x98 Startup.o
                0x00000000                Reset_Handler
                0x0000008c                Default_Handler
                0x0000008c                H_falut_Handler
                0x0000008c                NMI_Handler
 .text          0x00000098       0x8c main.o
                0x00000098                main
 *(.rodata)
                0x00000124                _E_text = .

.vector         0x00000124       0x10
 .vector        0x00000124       0x10 Startup.o
                0x00000124                vectors

.glue_7         0x00000134        0x0
 .glue_7        0x00000134        0x0 linker stubs

.glue_7t        0x00000134        0x0
 .glue_7t       0x00000134        0x0 linker stubs

.vfp11_veneer   0x00000134        0x0
 .vfp11_veneer  0x00000134        0x0 linker stubs

.v4_bx          0x00000134        0x0
 .v4_bx         0x00000134        0x0 linker stubs

.iplt           0x00000134        0x0
 .iplt          0x00000134        0x0 Startup.o

.rel.dyn        0x00000134        0x0
 .rel.iplt      0x00000134        0x0 Startup.o

.data           0x20000000        0x0 load address 0x00000000
                0x20000000                _S_data = .
 *(.data)
 .data          0x20000000        0x0 Startup.o
 .data          0x20000000        0x0 main.o
                0x20000000                _E_data = .
                0x20000000                . = ALIGN (0x4)

.igot.plt       0x20000000        0x0 load address 0x00000000
 .igot.plt      0x20000000        0x0 Startup.o

.bss            0x20000000      0x400 load address 0x00000000
                0x20000000                _S_bss = .
 *(.bss)
 .bss           0x20000000      0x400 Startup.o
 .bss           0x20000400        0x0 main.o
                0x20000400                _E_bss = .

.comment        0x00000134       0x7e
 *(.comment)
 .comment       0x00000134       0x7e Startup.o
                                 0x7f (size before relaxing)
 .comment       0x000001b2       0x7f main.o
 *(COMMON)
LOAD Startup.o
LOAD main.o
OUTPUT(learn-in-depth-cortex-m4.elf elf32-littlearm)

.ARM.attributes
                0x00000000       0x33
 .ARM.attributes
                0x00000000       0x33 Startup.o
 .ARM.attributes
                0x00000033       0x33 main.o

.debug_info     0x00000000      0x243
 .debug_info    0x00000000      0x19c Startup.o
 .debug_info    0x0000019c       0xa7 main.o

.debug_abbrev   0x00000000      0x136
 .debug_abbrev  0x00000000       0xd3 Startup.o
 .debug_abbrev  0x000000d3       0x63 main.o

.debug_loc      0x00000000       0xb4
 .debug_loc     0x00000000       0x7c Startup.o
 .debug_loc     0x0000007c       0x38 main.o

.debug_aranges  0x00000000       0x40
 .debug_aranges
                0x00000000       0x20 Startup.o
 .debug_aranges
                0x00000020       0x20 main.o

.debug_line     0x00000000       0xf2
 .debug_line    0x00000000       0x7b Startup.o
 .debug_line    0x0000007b       0x77 main.o

.debug_str      0x00000000      0x1a4
 .debug_str     0x00000000      0x18d Startup.o
                                0x1ad (size before relaxing)
 .debug_str     0x0000018d       0x17 main.o
                                0x145 (size before relaxing)

.debug_frame    0x00000000       0x7c
 .debug_frame   0x00000000       0x50 Startup.o
 .debug_frame   0x00000050       0x2c main.o
